<?php return array (
  0 => 'Symfony\\Bundle\\FrameworkBundle\\Controller\\AbstractController',
  1 => 'App\\Controller\\DefaultController',
  2 => 'App\\Controller\\Web2printController',
  3 => 'Blackbit\\BlackbitIframePortletBundle\\Controller\\DefaultController',
  4 => 'Doctrine\\Bundle\\DoctrineBundle\\Controller\\ProfilerController',
  5 => 'FOS\\JsRoutingBundle\\Controller\\Controller',
  6 => 'Pimcore\\Bundle\\AdminBundle\\Controller\\AdminAbstractController',
  7 => 'Pimcore\\Bundle\\AdminBundle\\Controller\\Admin\\Asset\\AssetController',
  8 => 'Pimcore\\Bundle\\AdminBundle\\Controller\\Admin\\Asset\\AssetHelperController',
  9 => 'Pimcore\\Bundle\\AdminBundle\\Controller\\Admin\\DataObject\\ClassController',
  10 => 'Pimcore\\Bundle\\AdminBundle\\Controller\\Admin\\DataObject\\ClassificationstoreController',
  11 => 'Pimcore\\Bundle\\AdminBundle\\Controller\\Admin\\DataObject\\DataObjectActionsTrait',
  12 => 'Pimcore\\Bundle\\AdminBundle\\Controller\\Admin\\DataObject\\DataObjectController',
  13 => 'Pimcore\\Bundle\\AdminBundle\\Controller\\Admin\\DataObject\\DataObjectHelperController',
  14 => 'Pimcore\\Bundle\\AdminBundle\\Controller\\Admin\\DataObject\\QuantityValueController',
  15 => 'Pimcore\\Bundle\\AdminBundle\\Controller\\Admin\\DataObject\\VariantsController',
  16 => 'Pimcore\\Bundle\\AdminBundle\\Controller\\Admin\\Document\\DocumentController',
  17 => 'Pimcore\\Bundle\\AdminBundle\\Controller\\Admin\\Document\\DocumentControllerBase',
  18 => 'Pimcore\\Bundle\\AdminBundle\\Controller\\Admin\\Document\\EmailController',
  19 => 'Pimcore\\Bundle\\AdminBundle\\Controller\\Admin\\Document\\FolderController',
  20 => 'Pimcore\\Bundle\\AdminBundle\\Controller\\Admin\\Document\\HardlinkController',
  21 => 'Pimcore\\Bundle\\AdminBundle\\Controller\\Admin\\Document\\LinkController',
  22 => 'Pimcore\\Bundle\\AdminBundle\\Controller\\Admin\\Document\\PageController',
  23 => 'Pimcore\\Bundle\\AdminBundle\\Controller\\Admin\\Document\\RenderletController',
  24 => 'Pimcore\\Bundle\\AdminBundle\\Controller\\Admin\\Document\\SnippetController',
  25 => 'Pimcore\\Bundle\\AdminBundle\\Controller\\Admin\\ElementController',
  26 => 'Pimcore\\Bundle\\AdminBundle\\Controller\\Admin\\ElementControllerBase',
  27 => 'Pimcore\\Bundle\\AdminBundle\\Controller\\Admin\\EmailController',
  28 => 'Pimcore\\Bundle\\AdminBundle\\Controller\\Admin\\IndexController',
  29 => 'Pimcore\\Bundle\\AdminBundle\\Controller\\Admin\\InstallController',
  30 => 'Pimcore\\Bundle\\AdminBundle\\Controller\\Admin\\LoginController',
  31 => 'Pimcore\\Bundle\\AdminBundle\\Controller\\Admin\\MiscController',
  32 => 'Pimcore\\Bundle\\AdminBundle\\Controller\\Admin\\NotificationController',
  33 => 'Pimcore\\Bundle\\AdminBundle\\Controller\\Admin\\PortalController',
  34 => 'Pimcore\\Bundle\\AdminBundle\\Controller\\Admin\\RecyclebinController',
  35 => 'Pimcore\\Bundle\\AdminBundle\\Controller\\Admin\\SettingsController',
  36 => 'Pimcore\\Bundle\\AdminBundle\\Controller\\Admin\\TagsController',
  37 => 'Pimcore\\Bundle\\AdminBundle\\Controller\\Admin\\TranslationController',
  38 => 'Pimcore\\Bundle\\AdminBundle\\Controller\\Admin\\UserController',
  39 => 'Pimcore\\Bundle\\AdminBundle\\Controller\\Admin\\WorkflowController',
  40 => 'Pimcore\\Bundle\\AdminBundle\\Controller\\GDPR\\AdminController',
  41 => 'Pimcore\\Bundle\\AdminBundle\\Controller\\GDPR\\AssetController',
  42 => 'Pimcore\\Bundle\\AdminBundle\\Controller\\GDPR\\DataObjectController',
  43 => 'Pimcore\\Bundle\\AdminBundle\\Controller\\GDPR\\PimcoreUsersController',
  44 => 'Pimcore\\Bundle\\AdminBundle\\Controller\\GDPR\\SentMailController',
  45 => 'Pimcore\\Bundle\\AdminBundle\\Controller\\PublicServicesController',
  46 => 'Pimcore\\Bundle\\AdminBundle\\Controller\\Traits\\AdminStyleTrait',
  47 => 'Pimcore\\Bundle\\AdminBundle\\Controller\\Traits\\ApplySchedulerDataTrait',
  48 => 'Pimcore\\Bundle\\AdminBundle\\Controller\\Traits\\DocumentTreeConfigTrait',
  49 => 'Pimcore\\Bundle\\AdminBundle\\Controller\\Traits\\UserNameTrait',
  50 => 'Pimcore\\Bundle\\ApplicationLoggerBundle\\Controller\\LogController',
  51 => 'Pimcore\\Bundle\\CoreBundle\\Controller\\PublicServicesController',
  52 => 'Pimcore\\Bundle\\CoreBundle\\Controller\\WebDavController',
  53 => 'Pimcore\\Bundle\\CustomReportsBundle\\Controller\\Reports\\CustomReportController',
  54 => 'Pimcore\\Bundle\\GlossaryBundle\\Controller\\SettingsController',
  55 => 'Pimcore\\Bundle\\SeoBundle\\Controller\\Document\\DocumentController',
  56 => 'Pimcore\\Bundle\\SeoBundle\\Controller\\MiscController',
  57 => 'Pimcore\\Bundle\\SeoBundle\\Controller\\RedirectsController',
  58 => 'Pimcore\\Bundle\\SeoBundle\\Controller\\SettingsController',
  59 => 'Pimcore\\Bundle\\SeoBundle\\Controller\\Traits\\DocumentTreeConfigWrapperTrait',
  60 => 'Pimcore\\Bundle\\SimpleBackendSearchBundle\\Controller\\DataObjectController',
  61 => 'Pimcore\\Bundle\\SimpleBackendSearchBundle\\Controller\\SearchController',
  62 => 'Pimcore\\Bundle\\StaticRoutesBundle\\Controller\\SettingsController',
  63 => 'Pimcore\\Bundle\\WordExportBundle\\Controller\\TranslationController',
  64 => 'Pimcore\\Bundle\\XliffBundle\\Controller\\XliffTranslationController',
  65 => 'Pimcore\\Controller\\ArgumentValueResolver\\DocumentValueResolver',
  66 => 'Pimcore\\Controller\\ArgumentValueResolver\\EditmodeValueResolver',
  67 => 'Pimcore\\Controller\\ArgumentValueResolver\\WebsiteConfigValueResolver',
  68 => 'Pimcore\\Controller\\Attribute\\ResponseHeader',
  69 => 'Pimcore\\Controller\\Config\\ControllerDataProvider',
  70 => 'Pimcore\\Controller\\Controller',
  71 => 'Pimcore\\Controller\\FrontendController',
  72 => 'Pimcore\\Controller\\KernelControllerEventInterface',
  73 => 'Pimcore\\Controller\\KernelResponseEventInterface',
  74 => 'Pimcore\\Controller\\Traits\\ElementEditLockHelperTrait',
  75 => 'Pimcore\\Controller\\Traits\\JsonHelperTrait',
  76 => 'Pimcore\\Controller\\UserAwareController',
  77 => 'Presta\\SitemapBundle\\Controller\\SitemapController',
  78 => 'Scheb\\TwoFactorBundle\\Controller\\FormController',
  80 => 'Symfony\\Bundle\\FrameworkBundle\\Controller\\ControllerResolver',
  81 => 'Symfony\\Bundle\\FrameworkBundle\\Controller\\RedirectController',
  82 => 'Symfony\\Bundle\\FrameworkBundle\\Controller\\TemplateController',
  83 => 'Symfony\\Bundle\\WebProfilerBundle\\Controller\\ExceptionPanelController',
  84 => 'Symfony\\Bundle\\WebProfilerBundle\\Controller\\ProfilerController',
  85 => 'Symfony\\Bundle\\WebProfilerBundle\\Controller\\RouterController',
  86 => 'Symfony\\Cmf\\Bundle\\RoutingBundle\\Controller\\RedirectController',
  87 => 'Symfony\\Component\\HttpKernel\\Controller\\ArgumentResolver',
  88 => 'Symfony\\Component\\HttpKernel\\Controller\\ArgumentResolverInterface',
  89 => 'Symfony\\Component\\HttpKernel\\Controller\\ArgumentResolver\\BackedEnumValueResolver',
  90 => 'Symfony\\Component\\HttpKernel\\Controller\\ArgumentResolver\\DateTimeValueResolver',
  91 => 'Symfony\\Component\\HttpKernel\\Controller\\ArgumentResolver\\DefaultValueResolver',
  92 => 'Symfony\\Component\\HttpKernel\\Controller\\ArgumentResolver\\NotTaggedControllerValueResolver',
  93 => 'Symfony\\Component\\HttpKernel\\Controller\\ArgumentResolver\\QueryParameterValueResolver',
  94 => 'Symfony\\Component\\HttpKernel\\Controller\\ArgumentResolver\\RequestAttributeValueResolver',
  95 => 'Symfony\\Component\\HttpKernel\\Controller\\ArgumentResolver\\RequestPayloadValueResolver',
  96 => 'Symfony\\Component\\HttpKernel\\Controller\\ArgumentResolver\\RequestValueResolver',
  97 => 'Symfony\\Component\\HttpKernel\\Controller\\ArgumentResolver\\ServiceValueResolver',
  98 => 'Symfony\\Component\\HttpKernel\\Controller\\ArgumentResolver\\SessionValueResolver',
  99 => 'Symfony\\Component\\HttpKernel\\Controller\\ArgumentResolver\\TraceableValueResolver',
  100 => 'Symfony\\Component\\HttpKernel\\Controller\\ArgumentResolver\\UidValueResolver',
  101 => 'Symfony\\Component\\HttpKernel\\Controller\\ArgumentResolver\\VariadicValueResolver',
  102 => 'Symfony\\Component\\HttpKernel\\Controller\\ArgumentValueResolverInterface',
  103 => 'Symfony\\Component\\HttpKernel\\Controller\\ContainerControllerResolver',
  104 => 'Symfony\\Component\\HttpKernel\\Controller\\ControllerReference',
  105 => 'Symfony\\Component\\HttpKernel\\Controller\\ControllerResolver',
  106 => 'Symfony\\Component\\HttpKernel\\Controller\\ControllerResolverInterface',
  107 => 'Symfony\\Component\\HttpKernel\\Controller\\ErrorController',
  108 => 'Symfony\\Component\\HttpKernel\\Controller\\TraceableArgumentResolver',
  109 => 'Symfony\\Component\\HttpKernel\\Controller\\TraceableControllerResolver',
  110 => 'Symfony\\Component\\HttpKernel\\Controller\\ValueResolverInterface',
  111 => 'Symfony\\Component\\Security\\Http\\Controller\\SecurityTokenValueResolver',
  112 => 'Symfony\\Component\\Security\\Http\\Controller\\UserValueResolver',
);